{
  "date": "2022-09-08",
  "absentClasses": [],
  "absentTeachers": [
    {
      "name": "Dąbrowski Wawrzyniec",
      "lessons": {
        "first": 0,
        "last": 4
      }
    },
    {
      "name": "Adamski Bolek",
      "lessons": null
    },
    {
      "name": "Szczepańska Wiesława",
      "lessons": {
        "first": 3,
        "last": 3
      }
    }
  ],
  "sections": [
    {
      "name": "1A",
      "changes": [
        {
          "lessons": {
            "first": 3,
            "last": 3
          },
          "info": "(historia i teraźniejszość) ➔ język polski - Substitution: (Dąbrowski Wawrzyniec) ➔ Mazurek Bogumiła",
          "cancelled": false
        }
      ]
    },
    {
      "name": "1D",
      "changes": [
        {
          "lessons": {
            "first": 0,
            "last": 0
          },
          "info": "informatyka_1: informatyka - Adamski Bolek, Cancelled",
          "cancelled": true
        }
      ]
    },
    {
      "name": "1E",
      "changes": [
        {
          "lessons": {
            "first": 5,
            "last": 5
          },
          "info": "język polski - Substitution: (Szczepańska Wiesława) ➔ Kopeć Mateusz",
          "cancelled": false
        },
        {
          "lessons": {
            "first": 6,
            "last": 6
          },
          "info": "(język polski) ➔ historia - Substitution: (Szczepańska Wiesława) ➔ Piotrowska Marta",
          "cancelled": false
        }
      ]
    },
    {
      "name": "1F",
      "changes": [
        {
          "lessons": {
            "first": 3,
            "last": 3
          },
          "info": "(język polski) ➔ edukacja dla bezpieczeństwa - Substitution: (Szczepańska Wiesława) ➔ Lewandowski Maksymilian",
          "cancelled": false
        },
        {
          "lessons": {
            "first": 4,
            "last": 4
          },
          "info": "(język polski) ➔ matematyka - Substitution: (Szczepańska Wiesława) ➔ Grzelak Ewelina",
          "cancelled": false
        }
      ]
    },
    {
      "name": "2F",
      "changes": [
        {
          "lessons": {
            "first": 1,
            "last": 1
          },
          "info": "język polski - Szczepańska Wiesława, Cancelled",
          "cancelled": true
        }
      ]
    },
    {
      "name": "3A",
      "changes": [
        {
          "lessons": {
            "first": 4,
            "last": 4
          },
          "info": "(wiedza o społeczeństwie) ➔ podstawy przedsiębiorczości - Substitution: (Dąbrowski Wawrzyniec) ➔ Witkowska Alicja",
          "cancelled": false
        }
      ]
    },
    {
      "name": "4D",
      "changes": [
        {
          "lessons": {
            "first": 3,
            "last": 3
          },
          "info": "grupa 2: informatyka - Substitution: (Adamski Bolek) ➔ Piasecka Dorota, zł. grup",
          "cancelled": false
        }
      ]
    },
    {
      "name": "4G",
      "changes": [
        {
          "lessons": {
            "first": 1,
            "last": 2
          },
          "info": "informatyka_2: informatyka - Adamski Bolek, Cancelled",
          "cancelled": true
        }
      ]
    }
  ]
}
