{
  "teachers": {
    "-1": {
      "name": "Wierzbicka_W"
    },
    "-2": {
      "name": "Błaszczyk_A"
    },
    "-3": {
      "name": "Bednarek_M"
    }
  },
  "subjects": {
    "-1": {
      "name": "wiedza o społeczeństwie",
      "short": "WOS"
    },
    "-2": {
      "name": "historia i teraźniejszość",
      "short": "HIT"
    },
    "-3": {
      "name": "biologia",
      "short": "biologia"
    }
  },
  "classrooms": {
    "-30": {
      "name": "Uniwersytet"
    },
    "-31": {
      "name": "1"
    },
    "-32": {
      "name": "01"
    }
  },
  "classes": {
    "-40": {
      "name": "1A",
      "short": "1A"
    },
    "-41": {
      "name": "2B - mat. fiz. inf.",
      "short": "2B"
    },
    "-42": {
      "name": "3C 3C_integracja",
      "short": "3C"
    }
  },
  "periods": {
    "0": {
      "name": "0",
      "startTime": "07:10",
      "endTime": "07:55"
    },
    "1": {
      "name": "Lekcja 1",
      "startTime": "08:00",
      "endTime": "08:45"
    }
  }
}
