{
  "date": "2022-09-09",
  "absentClasses": [],
  "absentTeachers": [],
  "sections": [
    {
      "name": "Kołodziej Władysław",
      "changes": [
        {
          "lessons": {
            "first": 2,
            "last": 2
          },
          "info": "3D: historia - Substitution for: Karwowski Renata, Classroom: 29"
        },
        {
          "lessons": {
            "first": 3,
            "last": 3
          },
          "info": "2B: historia - Substitution for: Karwowski Renata, Classroom: 29"
        },
        {
          "lessons": {
            "first": 4,
            "last": 4
          },
          "info": "3G: biologia - Substitution for: Nowacki Arnold, Classroom: 19"
        },
        {
          "lessons": {
            "first": 6,
            "last": 6
          },
          "info": "1E: (zajęcia z wychowawcą) ➔ fizyka - Substitution for: Tomczak Agnieszka, Classroom: 18, lekcja przeniesiona z godziny 9.00"
        },
        {
          "lessons": {
            "first": 3,
            "last": 3
          },
          "info": "1B: biologia - Substitution for: Nowacki Arnold, Classroom: 19"
        },
        {
          "lessons": {
            "first": 2,
            "last": 2
          },
          "info": "2A informatyka_2: informatyka - Substitution for: Czekaj Janusz, Classroom: inf2, zł. grup"
        },
        {
          "lessons": {
            "first": 3,
            "last": 4
          },
          "info": "2G informatyka_2: informatyka - Substitution for: Tomczak Agnieszka, Classroom: 13B, zł. grup"
        },
        {
          "lessons": {
            "first": 5,
            "last": 5
          },
          "info": "3G informatyka_2: informatyka - Substitution for: Tomczak Agnieszka, Classroom: 13B, zł. grup"
        },
        {
          "lessons": {
            "first": 1,
            "last": 1
          },
          "info": "2E grupa1: informatyka - Substitution for: Tomczak Agnieszka, Classroom: 13B, zł. grup"
        },
        {
          "lessons": {
            "first": 2,
            "last": 2
          },
          "info": "2E grupa2: informatyka - Substitution for: Tomczak Agnieszka, Classroom: 13B, zł. grup"
        }
      ]
    },
    {
      "name": "Czekaj Janusz",
      "changes": [
        {
          "lessons": {
            "first": 2,
            "last": 2
          },
          "info": "3D: historia - Substitution for: Karwowski Renata, Classroom: 29"
        },
        {
          "lessons": {
            "first": 3,
            "last": 3
          },
          "info": "2B: historia - Substitution for: Karwowski Renata, Classroom: 29"
        },
        {
          "lessons": {
            "first": 4,
            "last": 4
          },
          "info": "3G: biologia - Substitution for: Nowacki Arnold, Classroom: 19"
        },
        {
          "lessons": {
            "first": 6,
            "last": 6
          },
          "info": "1E: (zajęcia z wychowawcą) ➔ fizyka - Substitution for: Tomczak Agnieszka, Classroom: 18, lekcja przeniesiona z godziny 9.00"
        },
        {
          "lessons": {
            "first": 3,
            "last": 3
          },
          "info": "1B: biologia - Substitution for: Nowacki Arnold, Classroom: 19"
        },
        {
          "lessons": {
            "first": 2,
            "last": 2
          },
          "info": "2A informatyka_2: informatyka - Substitution for: Czekaj Janusz, Classroom: inf2, zł. grup"
        },
        {
          "lessons": {
            "first": 3,
            "last": 4
          },
          "info": "2G informatyka_2: informatyka - Substitution for: Tomczak Agnieszka, Classroom: 13B, zł. grup"
        },
        {
          "lessons": {
            "first": 5,
            "last": 5
          },
          "info": "3G informatyka_2: informatyka - Substitution for: Tomczak Agnieszka, Classroom: 13B, zł. grup"
        },
        {
          "lessons": {
            "first": 1,
            "last": 1
          },
          "info": "2E grupa1: informatyka - Substitution for: Tomczak Agnieszka, Classroom: 13B, zł. grup"
        },
        {
          "lessons": {
            "first": 2,
            "last": 2
          },
          "info": "2E grupa2: informatyka - Substitution for: Tomczak Agnieszka, Classroom: 13B, zł. grup"
        }
      ]
    },
    {
      "name": "Nowacki Arnold",
      "changes": [
        {
          "lessons": {
            "first": 2,
            "last": 2
          },
          "info": "3D: historia - Substitution for: Karwowski Renata, Classroom: 29"
        },
        {
          "lessons": {
            "first": 3,
            "last": 3
          },
          "info": "2B: historia - Substitution for: Karwowski Renata, Classroom: 29"
        },
        {
          "lessons": {
            "first": 4,
            "last": 4
          },
          "info": "3G: biologia - Substitution for: Nowacki Arnold, Classroom: 19"
        },
        {
          "lessons": {
            "first": 6,
            "last": 6
          },
          "info": "1E: (zajęcia z wychowawcą) ➔ fizyka - Substitution for: Tomczak Agnieszka, Classroom: 18, lekcja przeniesiona z godziny 9.00"
        },
        {
          "lessons": {
            "first": 3,
            "last": 3
          },
          "info": "1B: biologia - Substitution for: Nowacki Arnold, Classroom: 19"
        },
        {
          "lessons": {
            "first": 2,
            "last": 2
          },
          "info": "2A informatyka_2: informatyka - Substitution for: Czekaj Janusz, Classroom: inf2, zł. grup"
        },
        {
          "lessons": {
            "first": 3,
            "last": 4
          },
          "info": "2G informatyka_2: informatyka - Substitution for: Tomczak Agnieszka, Classroom: 13B, zł. grup"
        },
        {
          "lessons": {
            "first": 5,
            "last": 5
          },
          "info": "3G informatyka_2: informatyka - Substitution for: Tomczak Agnieszka, Classroom: 13B, zł. grup"
        },
        {
          "lessons": {
            "first": 1,
            "last": 1
          },
          "info": "2E grupa1: informatyka - Substitution for: Tomczak Agnieszka, Classroom: 13B, zł. grup"
        },
        {
          "lessons": {
            "first": 2,
            "last": 2
          },
          "info": "2E grupa2: informatyka - Substitution for: Tomczak Agnieszka, Classroom: 13B, zł. grup"
        }
      ]
    },
    {
      "name": "Białek Archibald",
      "changes": [
        {
          "lessons": {
            "first": 2,
            "last": 2
          },
          "info": "3D: historia - Substitution for: Karwowski Renata, Classroom: 29"
        },
        {
          "lessons": {
            "first": 3,
            "last": 3
          },
          "info": "2B: historia - Substitution for: Karwowski Renata, Classroom: 29"
        },
        {
          "lessons": {
            "first": 4,
            "last": 4
          },
          "info": "3G: biologia - Substitution for: Nowacki Arnold, Classroom: 19"
        },
        {
          "lessons": {
            "first": 6,
            "last": 6
          },
          "info": "1E: (zajęcia z wychowawcą) ➔ fizyka - Substitution for: Tomczak Agnieszka, Classroom: 18, lekcja przeniesiona z godziny 9.00"
        },
        {
          "lessons": {
            "first": 3,
            "last": 3
          },
          "info": "1B: biologia - Substitution for: Nowacki Arnold, Classroom: 19"
        },
        {
          "lessons": {
            "first": 2,
            "last": 2
          },
          "info": "2A informatyka_2: informatyka - Substitution for: Czekaj Janusz, Classroom: inf2, zł. grup"
        },
        {
          "lessons": {
            "first": 3,
            "last": 4
          },
          "info": "2G informatyka_2: informatyka - Substitution for: Tomczak Agnieszka, Classroom: 13B, zł. grup"
        },
        {
          "lessons": {
            "first": 5,
            "last": 5
          },
          "info": "3G informatyka_2: informatyka - Substitution for: Tomczak Agnieszka, Classroom: 13B, zł. grup"
        },
        {
          "lessons": {
            "first": 1,
            "last": 1
          },
          "info": "2E grupa1: informatyka - Substitution for: Tomczak Agnieszka, Classroom: 13B, zł. grup"
        },
        {
          "lessons": {
            "first": 2,
            "last": 2
          },
          "info": "2E grupa2: informatyka - Substitution for: Tomczak Agnieszka, Classroom: 13B, zł. grup"
        }
      ]
    },
    {
      "name": "Karwowski Renata",
      "changes": [
        {
          "lessons": {
            "first": 2,
            "last": 2
          },
          "info": "3D: historia - Substitution for: Karwowski Renata, Classroom: 29"
        },
        {
          "lessons": {
            "first": 3,
            "last": 3
          },
          "info": "2B: historia - Substitution for: Karwowski Renata, Classroom: 29"
        },
        {
          "lessons": {
            "first": 4,
            "last": 4
          },
          "info": "3G: biologia - Substitution for: Nowacki Arnold, Classroom: 19"
        },
        {
          "lessons": {
            "first": 6,
            "last": 6
          },
          "info": "1E: (zajęcia z wychowawcą) ➔ fizyka - Substitution for: Tomczak Agnieszka, Classroom: 18, lekcja przeniesiona z godziny 9.00"
        },
        {
          "lessons": {
            "first": 3,
            "last": 3
          },
          "info": "1B: biologia - Substitution for: Nowacki Arnold, Classroom: 19"
        },
        {
          "lessons": {
            "first": 2,
            "last": 2
          },
          "info": "2A informatyka_2: informatyka - Substitution for: Czekaj Janusz, Classroom: inf2, zł. grup"
        },
        {
          "lessons": {
            "first": 3,
            "last": 4
          },
          "info": "2G informatyka_2: informatyka - Substitution for: Tomczak Agnieszka, Classroom: 13B, zł. grup"
        },
        {
          "lessons": {
            "first": 5,
            "last": 5
          },
          "info": "3G informatyka_2: informatyka - Substitution for: Tomczak Agnieszka, Classroom: 13B, zł. grup"
        },
        {
          "lessons": {
            "first": 1,
            "last": 1
          },
          "info": "2E grupa1: informatyka - Substitution for: Tomczak Agnieszka, Classroom: 13B, zł. grup"
        },
        {
          "lessons": {
            "first": 2,
            "last": 2
          },
          "info": "2E grupa2: informatyka - Substitution for: Tomczak Agnieszka, Classroom: 13B, zł. grup"
        }
      ]
    },
    {
      "name": "Zwoliński Onufry",
      "changes": [
        {
          "lessons": {
            "first": 2,
            "last": 2
          },
          "info": "3D: historia - Substitution for: Karwowski Renata, Classroom: 29"
        },
        {
          "lessons": {
            "first": 3,
            "last": 3
          },
          "info": "2B: historia - Substitution for: Karwowski Renata, Classroom: 29"
        },
        {
          "lessons": {
            "first": 4,
            "last": 4
          },
          "info": "3G: biologia - Substitution for: Nowacki Arnold, Classroom: 19"
        },
        {
          "lessons": {
            "first": 6,
            "last": 6
          },
          "info": "1E: (zajęcia z wychowawcą) ➔ fizyka - Substitution for: Tomczak Agnieszka, Classroom: 18, lekcja przeniesiona z godziny 9.00"
        },
        {
          "lessons": {
            "first": 3,
            "last": 3
          },
          "info": "1B: biologia - Substitution for: Nowacki Arnold, Classroom: 19"
        },
        {
          "lessons": {
            "first": 2,
            "last": 2
          },
          "info": "2A informatyka_2: informatyka - Substitution for: Czekaj Janusz, Classroom: inf2, zł. grup"
        },
        {
          "lessons": {
            "first": 3,
            "last": 4
          },
          "info": "2G informatyka_2: informatyka - Substitution for: Tomczak Agnieszka, Classroom: 13B, zł. grup"
        },
        {
          "lessons": {
            "first": 5,
            "last": 5
          },
          "info": "3G informatyka_2: informatyka - Substitution for: Tomczak Agnieszka, Classroom: 13B, zł. grup"
        },
        {
          "lessons": {
            "first": 1,
            "last": 1
          },
          "info": "2E grupa1: informatyka - Substitution for: Tomczak Agnieszka, Classroom: 13B, zł. grup"
        },
        {
          "lessons": {
            "first": 2,
            "last": 2
          },
          "info": "2E grupa2: informatyka - Substitution for: Tomczak Agnieszka, Classroom: 13B, zł. grup"
        }
      ]
    },
    {
      "name": "Tomczak Agnieszka",
      "changes": [
        {
          "lessons": {
            "first": 2,
            "last": 2
          },
          "info": "3D: historia - Substitution for: Karwowski Renata, Classroom: 29"
        },
        {
          "lessons": {
            "first": 3,
            "last": 3
          },
          "info": "2B: historia - Substitution for: Karwowski Renata, Classroom: 29"
        },
        {
          "lessons": {
            "first": 4,
            "last": 4
          },
          "info": "3G: biologia - Substitution for: Nowacki Arnold, Classroom: 19"
        },
        {
          "lessons": {
            "first": 6,
            "last": 6
          },
          "info": "1E: (zajęcia z wychowawcą) ➔ fizyka - Substitution for: Tomczak Agnieszka, Classroom: 18, lekcja przeniesiona z godziny 9.00"
        },
        {
          "lessons": {
            "first": 3,
            "last": 3
          },
          "info": "1B: biologia - Substitution for: Nowacki Arnold, Classroom: 19"
        },
        {
          "lessons": {
            "first": 2,
            "last": 2
          },
          "info": "2A informatyka_2: informatyka - Substitution for: Czekaj Janusz, Classroom: inf2, zł. grup"
        },
        {
          "lessons": {
            "first": 3,
            "last": 4
          },
          "info": "2G informatyka_2: informatyka - Substitution for: Tomczak Agnieszka, Classroom: 13B, zł. grup"
        },
        {
          "lessons": {
            "first": 5,
            "last": 5
          },
          "info": "3G informatyka_2: informatyka - Substitution for: Tomczak Agnieszka, Classroom: 13B, zł. grup"
        },
        {
          "lessons": {
            "first": 1,
            "last": 1
          },
          "info": "2E grupa1: informatyka - Substitution for: Tomczak Agnieszka, Classroom: 13B, zł. grup"
        },
        {
          "lessons": {
            "first": 2,
            "last": 2
          },
          "info": "2E grupa2: informatyka - Substitution for: Tomczak Agnieszka, Classroom: 13B, zł. grup"
        }
      ]
    },
    {
      "name": "Napierała Kazimierz",
      "changes": [
        {
          "lessons": {
            "first": 2,
            "last": 2
          },
          "info": "3D: historia - Substitution for: Karwowski Renata, Classroom: 29"
        },
        {
          "lessons": {
            "first": 3,
            "last": 3
          },
          "info": "2B: historia - Substitution for: Karwowski Renata, Classroom: 29"
        },
        {
          "lessons": {
            "first": 4,
            "last": 4
          },
          "info": "3G: biologia - Substitution for: Nowacki Arnold, Classroom: 19"
        },
        {
          "lessons": {
            "first": 6,
            "last": 6
          },
          "info": "1E: (zajęcia z wychowawcą) ➔ fizyka - Substitution for: Tomczak Agnieszka, Classroom: 18, lekcja przeniesiona z godziny 9.00"
        },
        {
          "lessons": {
            "first": 3,
            "last": 3
          },
          "info": "1B: biologia - Substitution for: Nowacki Arnold, Classroom: 19"
        },
        {
          "lessons": {
            "first": 2,
            "last": 2
          },
          "info": "2A informatyka_2: informatyka - Substitution for: Czekaj Janusz, Classroom: inf2, zł. grup"
        },
        {
          "lessons": {
            "first": 3,
            "last": 4
          },
          "info": "2G informatyka_2: informatyka - Substitution for: Tomczak Agnieszka, Classroom: 13B, zł. grup"
        },
        {
          "lessons": {
            "first": 5,
            "last": 5
          },
          "info": "3G informatyka_2: informatyka - Substitution for: Tomczak Agnieszka, Classroom: 13B, zł. grup"
        },
        {
          "lessons": {
            "first": 1,
            "last": 1
          },
          "info": "2E grupa1: informatyka - Substitution for: Tomczak Agnieszka, Classroom: 13B, zł. grup"
        },
        {
          "lessons": {
            "first": 2,
            "last": 2
          },
          "info": "2E grupa2: informatyka - Substitution for: Tomczak Agnieszka, Classroom: 13B, zł. grup"
        }
      ]
    },
    {
      "name": "Bożek Laurentyna",
      "changes": [
        {
          "lessons": {
            "first": 2,
            "last": 2
          },
          "info": "3D: historia - Substitution for: Karwowski Renata, Classroom: 29"
        },
        {
          "lessons": {
            "first": 3,
            "last": 3
          },
          "info": "2B: historia - Substitution for: Karwowski Renata, Classroom: 29"
        },
        {
          "lessons": {
            "first": 4,
            "last": 4
          },
          "info": "3G: biologia - Substitution for: Nowacki Arnold, Classroom: 19"
        },
        {
          "lessons": {
            "first": 6,
            "last": 6
          },
          "info": "1E: (zajęcia z wychowawcą) ➔ fizyka - Substitution for: Tomczak Agnieszka, Classroom: 18, lekcja przeniesiona z godziny 9.00"
        },
        {
          "lessons": {
            "first": 3,
            "last": 3
          },
          "info": "1B: biologia - Substitution for: Nowacki Arnold, Classroom: 19"
        },
        {
          "lessons": {
            "first": 2,
            "last": 2
          },
          "info": "2A informatyka_2: informatyka - Substitution for: Czekaj Janusz, Classroom: inf2, zł. grup"
        },
        {
          "lessons": {
            "first": 3,
            "last": 4
          },
          "info": "2G informatyka_2: informatyka - Substitution for: Tomczak Agnieszka, Classroom: 13B, zł. grup"
        },
        {
          "lessons": {
            "first": 5,
            "last": 5
          },
          "info": "3G informatyka_2: informatyka - Substitution for: Tomczak Agnieszka, Classroom: 13B, zł. grup"
        },
        {
          "lessons": {
            "first": 1,
            "last": 1
          },
          "info": "2E grupa1: informatyka - Substitution for: Tomczak Agnieszka, Classroom: 13B, zł. grup"
        },
        {
          "lessons": {
            "first": 2,
            "last": 2
          },
          "info": "2E grupa2: informatyka - Substitution for: Tomczak Agnieszka, Classroom: 13B, zł. grup"
        }
      ]
    },
    {
      "name": "Florczak Apollo",
      "changes": [
        {
          "lessons": {
            "first": 2,
            "last": 2
          },
          "info": "3D: historia - Substitution for: Karwowski Renata, Classroom: 29"
        },
        {
          "lessons": {
            "first": 3,
            "last": 3
          },
          "info": "2B: historia - Substitution for: Karwowski Renata, Classroom: 29"
        },
        {
          "lessons": {
            "first": 4,
            "last": 4
          },
          "info": "3G: biologia - Substitution for: Nowacki Arnold, Classroom: 19"
        },
        {
          "lessons": {
            "first": 6,
            "last": 6
          },
          "info": "1E: (zajęcia z wychowawcą) ➔ fizyka - Substitution for: Tomczak Agnieszka, Classroom: 18, lekcja przeniesiona z godziny 9.00"
        },
        {
          "lessons": {
            "first": 3,
            "last": 3
          },
          "info": "1B: biologia - Substitution for: Nowacki Arnold, Classroom: 19"
        },
        {
          "lessons": {
            "first": 2,
            "last": 2
          },
          "info": "2A informatyka_2: informatyka - Substitution for: Czekaj Janusz, Classroom: inf2, zł. grup"
        },
        {
          "lessons": {
            "first": 3,
            "last": 4
          },
          "info": "2G informatyka_2: informatyka - Substitution for: Tomczak Agnieszka, Classroom: 13B, zł. grup"
        },
        {
          "lessons": {
            "first": 5,
            "last": 5
          },
          "info": "3G informatyka_2: informatyka - Substitution for: Tomczak Agnieszka, Classroom: 13B, zł. grup"
        },
        {
          "lessons": {
            "first": 1,
            "last": 1
          },
          "info": "2E grupa1: informatyka - Substitution for: Tomczak Agnieszka, Classroom: 13B, zł. grup"
        },
        {
          "lessons": {
            "first": 2,
            "last": 2
          },
          "info": "2E grupa2: informatyka - Substitution for: Tomczak Agnieszka, Classroom: 13B, zł. grup"
        }
      ]
    },
    {
      "name": "Kostrzewa Bazyli",
      "changes": [
        {
          "lessons": {
            "first": 2,
            "last": 2
          },
          "info": "3D: historia - Substitution for: Karwowski Renata, Classroom: 29"
        },
        {
          "lessons": {
            "first": 3,
            "last": 3
          },
          "info": "2B: historia - Substitution for: Karwowski Renata, Classroom: 29"
        },
        {
          "lessons": {
            "first": 4,
            "last": 4
          },
          "info": "3G: biologia - Substitution for: Nowacki Arnold, Classroom: 19"
        },
        {
          "lessons": {
            "first": 6,
            "last": 6
          },
          "info": "1E: (zajęcia z wychowawcą) ➔ fizyka - Substitution for: Tomczak Agnieszka, Classroom: 18, lekcja przeniesiona z godziny 9.00"
        },
        {
          "lessons": {
            "first": 3,
            "last": 3
          },
          "info": "1B: biologia - Substitution for: Nowacki Arnold, Classroom: 19"
        },
        {
          "lessons": {
            "first": 2,
            "last": 2
          },
          "info": "2A informatyka_2: informatyka - Substitution for: Czekaj Janusz, Classroom: inf2, zł. grup"
        },
        {
          "lessons": {
            "first": 3,
            "last": 4
          },
          "info": "2G informatyka_2: informatyka - Substitution for: Tomczak Agnieszka, Classroom: 13B, zł. grup"
        },
        {
          "lessons": {
            "first": 5,
            "last": 5
          },
          "info": "3G informatyka_2: informatyka - Substitution for: Tomczak Agnieszka, Classroom: 13B, zł. grup"
        },
        {
          "lessons": {
            "first": 1,
            "last": 1
          },
          "info": "2E grupa1: informatyka - Substitution for: Tomczak Agnieszka, Classroom: 13B, zł. grup"
        },
        {
          "lessons": {
            "first": 2,
            "last": 2
          },
          "info": "2E grupa2: informatyka - Substitution for: Tomczak Agnieszka, Classroom: 13B, zł. grup"
        }
      ]
    },
    {
      "name": "Krysiak Cezary",
      "changes": [
        {
          "lessons": {
            "first": 2,
            "last": 2
          },
          "info": "3D: historia - Substitution for: Karwowski Renata, Classroom: 29"
        },
        {
          "lessons": {
            "first": 3,
            "last": 3
          },
          "info": "2B: historia - Substitution for: Karwowski Renata, Classroom: 29"
        },
        {
          "lessons": {
            "first": 4,
            "last": 4
          },
          "info": "3G: biologia - Substitution for: Nowacki Arnold, Classroom: 19"
        },
        {
          "lessons": {
            "first": 6,
            "last": 6
          },
          "info": "1E: (zajęcia z wychowawcą) ➔ fizyka - Substitution for: Tomczak Agnieszka, Classroom: 18, lekcja przeniesiona z godziny 9.00"
        },
        {
          "lessons": {
            "first": 3,
            "last": 3
          },
          "info": "1B: biologia - Substitution for: Nowacki Arnold, Classroom: 19"
        },
        {
          "lessons": {
            "first": 2,
            "last": 2
          },
          "info": "2A informatyka_2: informatyka - Substitution for: Czekaj Janusz, Classroom: inf2, zł. grup"
        },
        {
          "lessons": {
            "first": 3,
            "last": 4
          },
          "info": "2G informatyka_2: informatyka - Substitution for: Tomczak Agnieszka, Classroom: 13B, zł. grup"
        },
        {
          "lessons": {
            "first": 5,
            "last": 5
          },
          "info": "3G informatyka_2: informatyka - Substitution for: Tomczak Agnieszka, Classroom: 13B, zł. grup"
        },
        {
          "lessons": {
            "first": 1,
            "last": 1
          },
          "info": "2E grupa1: informatyka - Substitution for: Tomczak Agnieszka, Classroom: 13B, zł. grup"
        },
        {
          "lessons": {
            "first": 2,
            "last": 2
          },
          "info": "2E grupa2: informatyka - Substitution for: Tomczak Agnieszka, Classroom: 13B, zł. grup"
        }
      ]
    },
    {
      "name": "Herman Olga",
      "changes": [
        {
          "lessons": {
            "first": 2,
            "last": 2
          },
          "info": "3D: historia - Substitution for: Karwowski Renata, Classroom: 29"
        },
        {
          "lessons": {
            "first": 3,
            "last": 3
          },
          "info": "2B: historia - Substitution for: Karwowski Renata, Classroom: 29"
        },
        {
          "lessons": {
            "first": 4,
            "last": 4
          },
          "info": "3G: biologia - Substitution for: Nowacki Arnold, Classroom: 19"
        },
        {
          "lessons": {
            "first": 6,
            "last": 6
          },
          "info": "1E: (zajęcia z wychowawcą) ➔ fizyka - Substitution for: Tomczak Agnieszka, Classroom: 18, lekcja przeniesiona z godziny 9.00"
        },
        {
          "lessons": {
            "first": 3,
            "last": 3
          },
          "info": "1B: biologia - Substitution for: Nowacki Arnold, Classroom: 19"
        },
        {
          "lessons": {
            "first": 2,
            "last": 2
          },
          "info": "2A informatyka_2: informatyka - Substitution for: Czekaj Janusz, Classroom: inf2, zł. grup"
        },
        {
          "lessons": {
            "first": 3,
            "last": 4
          },
          "info": "2G informatyka_2: informatyka - Substitution for: Tomczak Agnieszka, Classroom: 13B, zł. grup"
        },
        {
          "lessons": {
            "first": 5,
            "last": 5
          },
          "info": "3G informatyka_2: informatyka - Substitution for: Tomczak Agnieszka, Classroom: 13B, zł. grup"
        },
        {
          "lessons": {
            "first": 1,
            "last": 1
          },
          "info": "2E grupa1: informatyka - Substitution for: Tomczak Agnieszka, Classroom: 13B, zł. grup"
        },
        {
          "lessons": {
            "first": 2,
            "last": 2
          },
          "info": "2E grupa2: informatyka - Substitution for: Tomczak Agnieszka, Classroom: 13B, zł. grup"
        }
      ]
    },
    {
      "name": "Wolak Władysław",
      "changes": [
        {
          "lessons": {
            "first": 2,
            "last": 2
          },
          "info": "3D: historia - Substitution for: Karwowski Renata, Classroom: 29"
        },
        {
          "lessons": {
            "first": 3,
            "last": 3
          },
          "info": "2B: historia - Substitution for: Karwowski Renata, Classroom: 29"
        },
        {
          "lessons": {
            "first": 4,
            "last": 4
          },
          "info": "3G: biologia - Substitution for: Nowacki Arnold, Classroom: 19"
        },
        {
          "lessons": {
            "first": 6,
            "last": 6
          },
          "info": "1E: (zajęcia z wychowawcą) ➔ fizyka - Substitution for: Tomczak Agnieszka, Classroom: 18, lekcja przeniesiona z godziny 9.00"
        },
        {
          "lessons": {
            "first": 3,
            "last": 3
          },
          "info": "1B: biologia - Substitution for: Nowacki Arnold, Classroom: 19"
        },
        {
          "lessons": {
            "first": 2,
            "last": 2
          },
          "info": "2A informatyka_2: informatyka - Substitution for: Czekaj Janusz, Classroom: inf2, zł. grup"
        },
        {
          "lessons": {
            "first": 3,
            "last": 4
          },
          "info": "2G informatyka_2: informatyka - Substitution for: Tomczak Agnieszka, Classroom: 13B, zł. grup"
        },
        {
          "lessons": {
            "first": 5,
            "last": 5
          },
          "info": "3G informatyka_2: informatyka - Substitution for: Tomczak Agnieszka, Classroom: 13B, zł. grup"
        },
        {
          "lessons": {
            "first": 1,
            "last": 1
          },
          "info": "2E grupa1: informatyka - Substitution for: Tomczak Agnieszka, Classroom: 13B, zł. grup"
        },
        {
          "lessons": {
            "first": 2,
            "last": 2
          },
          "info": "2E grupa2: informatyka - Substitution for: Tomczak Agnieszka, Classroom: 13B, zł. grup"
        }
      ]
    }
  ]
}